// Jest Snapshot v1, https://goo.gl/fbAQLP

exports[`Should render AddExpensePage correctly 1`] = `
<div>
  <div>
    Add expense
  </div>
  <ExpenseForm
    onSubmit={[Function]}
  />
</div>
`;
