// Jest Snapshot v1, https://goo.gl/fbAQLP

exports[`Should render ExpenseListItem with expense 1`] = `
<div>
  <Link
    replace={false}
    to="/edit/1"
  >
    <h3>
      Gum
    </h3>
  </Link>
  <p>
    $1.95
  </p>
  <p>
    1 January 1970
  </p>
  <p>
    ------------
  </p>
</div>
`;
