// Jest Snapshot v1, https://goo.gl/fbAQLP

exports[`Should correctly render LoginPage 1`] = `
<div>
  <h2>
    Please login
  </h2>
  <button
    onClick={[Function]}
  >
    Login
  </button>
</div>
`;
