// Jest Snapshot v1, https://goo.gl/fbAQLP

exports[`Should render NotFoundPage correctly 1`] = `
<div>
  404 error!! -
   
  <Link
    replace={false}
    to="/"
  >
    Go home
  </Link>
</div>
`;
